S110 `try`-`except`-`pass` detected, consider logging the exception
   --> src\realmemory\team\peer.py:170:13
    |
168 |                   client.heartbeat(policy.identity, address=address,
169 |                                    projects=[p.name for p in policy.projects])
170 | /             except Exception:
171 | |                 pass  # координатор мог лежать — не убиваем демон
    | |____________________^
172 |               stop_event.wait(interval_s)
    |

BLE001 Do not catch blind exception: `Exception`
   --> src\realmemory\team\peer.py:170:20
    |
168 |                 client.heartbeat(policy.identity, address=address,
169 |                                  projects=[p.name for p in policy.projects])
170 |             except Exception:
    |                    ^^^^^^^^^
171 |                 pass  # координатор мог лежать — не убиваем демон
172 |             stop_event.wait(interval_s)
    |

Found 2 errors.
